// Jest Snapshot v1, https://goo.gl/fbAQLP

exports[`Button Component snapshot 1`] = `
<button
  class="sc-gsTCUz hKTmWo sc-dlfnbm yryZy"
  data-testid="button"
>
  button
  <span
    class="sc-bdfBwQ eKEvNE"
    data-testid="ripple"
  />
</button>
`;
