// Jest Snapshot v1, https://goo.gl/fbAQLP

exports[`Ripple component snapshot 1`] = `
<span
  class="sc-bdfBwQ iwvDkh"
  data-testid="ripple"
  size="10"
/>
`;
